// Jest Snapshot v1, https://goo.gl/fbAQLP

exports[`tests that card is rendered once 1`] = `ShallowWrapper {}`;
