// Jest Snapshot v1, https://goo.gl/fbAQLP

exports[`tests that cardList is rendered once 1`] = `ShallowWrapper {}`;
