// Jest Snapshot v1, https://goo.gl/fbAQLP

exports[`tests that counterbutton is rendered 1`] = `ShallowWrapper {}`;
