// Jest Snapshot v1, https://goo.gl/fbAQLP

exports[`tests that main page is rendered 1`] = `ShallowWrapper {}`;
